Analysis & Synthesis report for lab6
Sat Oct 18 01:21:09 2025
Quartus II 64-Bit Version 13.0.1 Build 232 06/12/2013 Service Pack 1 SJ Web Edition


---------------------
; Table of Contents ;
---------------------
  1. Legal Notice
  2. Analysis & Synthesis Summary
  3. Analysis & Synthesis Settings
  4. Parallel Compilation
  5. Analysis & Synthesis Messages



----------------
; Legal Notice ;
----------------
Copyright (C) 1991-2013 Altera Corporation
Your use of Altera Corporation's design tools, logic functions 
and other software and tools, and its AMPP partner logic 
functions, and any output files from any of the foregoing 
(including device programming or simulation files), and any 
associated documentation or information are expressly subject 
to the terms and conditions of the Altera Program License 
Subscription Agreement, Altera MegaCore Function License 
Agreement, or other applicable license agreement, including, 
without limitation, that your use is for the sole purpose of 
programming logic devices manufactured by Altera and sold by 
Altera or its authorized distributors.  Please refer to the 
applicable agreement for further details.



+--------------------------------------------------------------------------------------+
; Analysis & Synthesis Summary                                                         ;
+------------------------------------+-------------------------------------------------+
; Analysis & Synthesis Status        ; Failed - Sat Oct 18 01:21:09 2025               ;
; Quartus II 64-Bit Version          ; 13.0.1 Build 232 06/12/2013 SP 1 SJ Web Edition ;
; Revision Name                      ; lab6                                            ;
; Top-level Entity Name              ; modified_dec3to8                                ;
; Family                             ; Cyclone II                                      ;
; Total logic elements               ; N/A until Partition Merge                       ;
;     Total combinational functions  ; N/A until Partition Merge                       ;
;     Dedicated logic registers      ; N/A until Partition Merge                       ;
; Total registers                    ; N/A until Partition Merge                       ;
; Total pins                         ; N/A until Partition Merge                       ;
; Total virtual pins                 ; N/A until Partition Merge                       ;
; Total memory bits                  ; N/A until Partition Merge                       ;
; Embedded Multiplier 9-bit elements ; N/A until Partition Merge                       ;
; Total PLLs                         ; N/A until Partition Merge                       ;
+------------------------------------+-------------------------------------------------+


+----------------------------------------------------------------------------------------------------------------------+
; Analysis & Synthesis Settings                                                                                        ;
+----------------------------------------------------------------------------+--------------------+--------------------+
; Option                                                                     ; Setting            ; Default Value      ;
+----------------------------------------------------------------------------+--------------------+--------------------+
; Device                                                                     ; EP2C35F672C6       ;                    ;
; Top-level entity name                                                      ; modified_dec3to8   ; lab6               ;
; Family name                                                                ; Cyclone II         ; Cyclone IV GX      ;
; Use smart compilation                                                      ; Off                ; Off                ;
; Enable parallel Assembler and TimeQuest Timing Analyzer during compilation ; On                 ; On                 ;
; Enable compact report table                                                ; Off                ; Off                ;
; Restructure Multiplexers                                                   ; Auto               ; Auto               ;
; Create Debugging Nodes for IP Cores                                        ; Off                ; Off                ;
; Preserve fewer node names                                                  ; On                 ; On                 ;
; Disable OpenCore Plus hardware evaluation                                  ; Off                ; Off                ;
; Verilog Version                                                            ; Verilog_2001       ; Verilog_2001       ;
; VHDL Version                                                               ; VHDL_1993          ; VHDL_1993          ;
; State Machine Processing                                                   ; Auto               ; Auto               ;
; Safe State Machine                                                         ; Off                ; Off                ;
; Extract Verilog State Machines                                             ; On                 ; On                 ;
; Extract VHDL State Machines                                                ; On                 ; On                 ;
; Ignore Verilog initial constructs                                          ; Off                ; Off                ;
; Iteration limit for constant Verilog loops                                 ; 5000               ; 5000               ;
; Iteration limit for non-constant Verilog loops                             ; 250                ; 250                ;
; Add Pass-Through Logic to Inferred RAMs                                    ; On                 ; On                 ;
; Infer RAMs from Raw Logic                                                  ; On                 ; On                 ;
; Parallel Synthesis                                                         ; On                 ; On                 ;
; DSP Block Balancing                                                        ; Auto               ; Auto               ;
; NOT Gate Push-Back                                                         ; On                 ; On                 ;
; Power-Up Don't Care                                                        ; On                 ; On                 ;
; Remove Redundant Logic Cells                                               ; Off                ; Off                ;
; Remove Duplicate Registers                                                 ; On                 ; On                 ;
; Ignore CARRY Buffers                                                       ; Off                ; Off                ;
; Ignore CASCADE Buffers                                                     ; Off                ; Off                ;
; Ignore GLOBAL Buffers                                                      ; Off                ; Off                ;
; Ignore ROW GLOBAL Buffers                                                  ; Off                ; Off                ;
; Ignore LCELL Buffers                                                       ; Off                ; Off                ;
; Ignore SOFT Buffers                                                        ; On                 ; On                 ;
; Limit AHDL Integers to 32 Bits                                             ; Off                ; Off                ;
; Optimization Technique                                                     ; Balanced           ; Balanced           ;
; Carry Chain Length                                                         ; 70                 ; 70                 ;
; Auto Carry Chains                                                          ; On                 ; On                 ;
; Auto Open-Drain Pins                                                       ; On                 ; On                 ;
; Perform WYSIWYG Primitive Resynthesis                                      ; Off                ; Off                ;
; Auto ROM Replacement                                                       ; On                 ; On                 ;
; Auto RAM Replacement                                                       ; On                 ; On                 ;
; Auto Shift Register Replacement                                            ; Auto               ; Auto               ;
; Allow Shift Register Merging across Hierarchies                            ; Auto               ; Auto               ;
; Auto Clock Enable Replacement                                              ; On                 ; On                 ;
; Strict RAM Replacement                                                     ; Off                ; Off                ;
; Allow Synchronous Control Signals                                          ; On                 ; On                 ;
; Force Use of Synchronous Clear Signals                                     ; Off                ; Off                ;
; Auto RAM to Logic Cell Conversion                                          ; Off                ; Off                ;
; Auto Resource Sharing                                                      ; Off                ; Off                ;
; Allow Any RAM Size For Recognition                                         ; Off                ; Off                ;
; Allow Any ROM Size For Recognition                                         ; Off                ; Off                ;
; Allow Any Shift Register Size For Recognition                              ; Off                ; Off                ;
; Use LogicLock Constraints during Resource Balancing                        ; On                 ; On                 ;
; Ignore translate_off and synthesis_off directives                          ; Off                ; Off                ;
; Timing-Driven Synthesis                                                    ; Off                ; Off                ;
; Report Parameter Settings                                                  ; On                 ; On                 ;
; Report Source Assignments                                                  ; On                 ; On                 ;
; Report Connectivity Checks                                                 ; On                 ; On                 ;
; Ignore Maximum Fan-Out Assignments                                         ; Off                ; Off                ;
; Synchronization Register Chain Length                                      ; 2                  ; 2                  ;
; PowerPlay Power Optimization                                               ; Normal compilation ; Normal compilation ;
; HDL message level                                                          ; Level2             ; Level2             ;
; Suppress Register Optimization Related Messages                            ; Off                ; Off                ;
; Number of Removed Registers Reported in Synthesis Report                   ; 5000               ; 5000               ;
; Number of Swept Nodes Reported in Synthesis Report                         ; 5000               ; 5000               ;
; Number of Inverted Registers Reported in Synthesis Report                  ; 100                ; 100                ;
; Clock MUX Protection                                                       ; On                 ; On                 ;
; Auto Gated Clock Conversion                                                ; Off                ; Off                ;
; Block Design Naming                                                        ; Auto               ; Auto               ;
; SDC constraint protection                                                  ; Off                ; Off                ;
; Synthesis Effort                                                           ; Auto               ; Auto               ;
; Shift Register Replacement - Allow Asynchronous Clear Signal               ; On                 ; On                 ;
; Pre-Mapping Resynthesis Optimization                                       ; Off                ; Off                ;
; Analysis & Synthesis Message Level                                         ; Medium             ; Medium             ;
; Disable Register Merging Across Hierarchies                                ; Auto               ; Auto               ;
; Resource Aware Inference For Block RAM                                     ; On                 ; On                 ;
; Synthesis Seed                                                             ; 1                  ; 1                  ;
+----------------------------------------------------------------------------+--------------------+--------------------+


Parallel compilation was disabled, but you have multiple processors available. Enable parallel compilation to reduce compilation time.
+-------------------------------------+
; Parallel Compilation                ;
+----------------------------+--------+
; Processors                 ; Number ;
+----------------------------+--------+
; Number detected on machine ; 12     ;
; Maximum allowed            ; 1      ;
+----------------------------+--------+


+-------------------------------+
; Analysis & Synthesis Messages ;
+-------------------------------+
Info: *******************************************************************
Info: Running Quartus II 64-Bit Analysis & Synthesis
    Info: Version 13.0.1 Build 232 06/12/2013 Service Pack 1 SJ Web Edition
    Info: Processing started: Sat Oct 18 01:21:08 2025
Info: Command: quartus_map --read_settings_files=on --write_settings_files=off lab6 -c lab6
Warning (20028): Parallel compilation is not licensed and has been disabled
Info (12021): Found 2 design units, including 1 entities, in source file src/sseg.vhd
    Info (12022): Found design unit 1: sseg-Behavior
    Info (12023): Found entity 1: sseg
Info (12021): Found 2 design units, including 1 entities, in source file src/register1.vhd
    Info (12022): Found design unit 1: register1-behavior
    Info (12023): Found entity 1: register1
Error (10500): VHDL syntax error at register.vhd(4) near text "register";  expecting an identifier File: E:/Users/kevar/Documents/coe328_final/coe328_lab6/src/register.vhd Line: 4
Error (10500): VHDL syntax error at register.vhd(12) near text "register";  expecting an identifier File: E:/Users/kevar/Documents/coe328_final/coe328_lab6/src/register.vhd Line: 12
Info (12021): Found 0 design units, including 0 entities, in source file src/register.vhd
Info (12021): Found 2 design units, including 1 entities, in source file src/reg.vhd
    Info (12022): Found design unit 1: reg-behavior
    Info (12023): Found entity 1: reg
Info (12021): Found 2 design units, including 1 entities, in source file src/modified_dec3to8.vhd
    Info (12022): Found design unit 1: modified_dec3to8-Behavior
    Info (12023): Found entity 1: modified_dec3to8
Info (12021): Found 2 design units, including 1 entities, in source file src/machine.vhd
    Info (12022): Found design unit 1: machine-fsm
    Info (12023): Found entity 1: machine
Error (10430): VHDL Primary Unit Declaration error at fsm.vhd(4): primary unit "machine" already exists in library "work" File: E:/Users/kevar/Documents/coe328_final/coe328_lab6/src/fsm.vhd Line: 4
Error (10784): HDL error at machine.vhd(4): see declaration for object "machine" File: E:/Users/kevar/Documents/coe328_final/coe328_lab6/src/machine.vhd Line: 4
Info (12021): Found 0 design units, including 0 entities, in source file src/fsm.vhd
Info (12021): Found 2 design units, including 1 entities, in source file src/decod.vhd
    Info (12022): Found design unit 1: decod-Behavior
    Info (12023): Found entity 1: decod
Info (12021): Found 0 design units, including 0 entities, in source file src/dec4to16.vhd
Info (12021): Found 2 design units, including 1 entities, in source file src/dec3to8.vhd
    Info (12022): Found design unit 1: dec3to8-Behavior
    Info (12023): Found entity 1: dec3to8
Info (12021): Found 2 design units, including 1 entities, in source file src/asu.vhd
    Info (12022): Found design unit 1: ASU-Behavior
    Info (12023): Found entity 1: ASU
Info (12021): Found 2 design units, including 1 entities, in source file src/alu2.vhd
    Info (12022): Found design unit 1: ALU_unit2-calculation
    Info (12023): Found entity 1: ALU_unit2
Info (12021): Found 2 design units, including 1 entities, in source file src/alu_unit3.vhd
    Info (12022): Found design unit 1: ALU_unit3-calculation
    Info (12023): Found entity 1: ALU_unit3
Error (10430): VHDL Primary Unit Declaration error at ALU_unit2.vhd(6): primary unit "ALU_unit2" already exists in library "work" File: E:/Users/kevar/Documents/coe328_final/coe328_lab6/src/ALU_unit2.vhd Line: 6
Error (10784): HDL error at ALU2.vhd(6): see declaration for object "ALU_unit2" File: E:/Users/kevar/Documents/coe328_final/coe328_lab6/src/ALU2.vhd Line: 6
Info (12021): Found 0 design units, including 0 entities, in source file src/alu_unit2.vhd
Info (12021): Found 2 design units, including 1 entities, in source file src/alu_unit.vhd
    Info (12022): Found design unit 1: ALU_unit-calculation
    Info (12023): Found entity 1: ALU_unit
Error (12049): Can't compile duplicate declarations of entity "modified_dec3to8" into library "work"
    Error (12180): Instance could be entity "modified_dec3to8" in file src/modified_dec3to8.vhd compiled in library work File: E:/Users/kevar/Documents/coe328_final/coe328_lab6/src/modified_dec3to8.vhd Line: 4
    Error (12180): Instance could be entity "modified_dec3to8" in file block_diagrams/modified_dec3to8.bdf compiled in library work
Info (12021): Found 1 design units, including 1 entities, in source file block_diagrams/modified_dec3to8.bdf
Info (12021): Found 1 design units, including 1 entities, in source file block_diagrams/machinetodecode.bdf
    Info (12023): Found entity 1: machineToDecode
Info (12021): Found 1 design units, including 1 entities, in source file block_diagrams/cpu.bdf
    Info (12023): Found entity 1: CPU
Info (12021): Found 1 design units, including 1 entities, in source file block_diagrams/alu2.bdf
    Info (12023): Found entity 1: ALU2
Info (12021): Found 1 design units, including 1 entities, in source file block_diagrams/alu_core.bdf
    Info (12023): Found entity 1: ALU_CORE
Info (12021): Found 1 design units, including 1 entities, in source file block_diagrams/alu.bdf
    Info (12023): Found entity 1: ALU
Error: Quartus II 64-Bit Analysis & Synthesis was unsuccessful. 9 errors, 1 warning
    Error: Peak virtual memory: 4630 megabytes
    Error: Processing ended: Sat Oct 18 01:21:09 2025
    Error: Elapsed time: 00:00:01
    Error: Total CPU time (on all processors): 00:00:01


